[debug] [2026-07-12T04:41:38.050Z] ----------------------------------------------------------------------
[debug] [2026-07-12T04:41:38.052Z] Command:       C:\Program Files\nodejs\node.exe C:\Users\ASUS\AppData\Local\npm-cache\_npx\7750544ccf494d8b\node_modules\firebase-tools\lib\bin\firebase.js projects:list
[debug] [2026-07-12T04:41:38.052Z] CLI Version:   15.23.0
[debug] [2026-07-12T04:41:38.052Z] Platform:      win32
[debug] [2026-07-12T04:41:38.052Z] Node Version:  v22.14.0
[debug] [2026-07-12T04:41:38.052Z] Detected Agent: codex_cli
[debug] [2026-07-12T04:41:38.052Z] Time:          Sun Jul 12 2026 10:11:38 GMT+0530 (India Standard Time)
[debug] [2026-07-12T04:41:38.052Z] ----------------------------------------------------------------------
[debug] 
[debug] [2026-07-12T04:41:38.061Z] >>> [apiv2][query] GET https://firebase-public.firebaseio.com/cli.json [none]
[debug] [2026-07-12T04:41:38.227Z] > command requires scopes: ["email","openid","https://www.googleapis.com/auth/cloudplatformprojects.readonly","https://www.googleapis.com/auth/firebase","https://www.googleapis.com/auth/cloud-platform"]
[debug] [2026-07-12T04:41:38.239Z] Error: Could not load the default credentials. Browse to https://cloud.google.com/docs/authentication/getting-started for more information.
    at GoogleAuth.getApplicationDefaultAsync (C:\Users\ASUS\AppData\Local\npm-cache\_npx\7750544ccf494d8b\node_modules\google-auth-library\build\src\auth\googleauth.js:287:15)
    at process.processTicksAndRejections (node:internal/process/task_queues:105:5)
    at async GoogleAuth._GoogleAuth_determineClient (C:\Users\ASUS\AppData\Local\npm-cache\_npx\7750544ccf494d8b\node_modules\google-auth-library\build\src\auth\googleauth.js:834:32)
    at async GoogleAuth.getClient (C:\Users\ASUS\AppData\Local\npm-cache\_npx\7750544ccf494d8b\node_modules\google-auth-library\build\src\auth\googleauth.js:698:20)
    at async GoogleAuth.getAccessToken (C:\Users\ASUS\AppData\Local\npm-cache\_npx\7750544ccf494d8b\node_modules\google-auth-library\build\src\auth\googleauth.js:722:24)
    at async autoAuth (C:\Users\ASUS\AppData\Local\npm-cache\_npx\7750544ccf494d8b\node_modules\firebase-tools\lib\requireAuth.js:38:19)
    at async Object.requireAuth [as fn] (C:\Users\ASUS\AppData\Local\npm-cache\_npx\7750544ccf494d8b\node_modules\firebase-tools\lib\requireAuth.js:100:20)
    at async C:\Users\ASUS\AppData\Local\npm-cache\_npx\7750544ccf494d8b\node_modules\firebase-tools\lib\command.js:278:17
[error] 
[error] Error: Failed to authenticate, have you run firebase login?
